
[1m[46m RUN [49m[22m [36mv4.0.14 [39m[90mD:/Backup/OneDrive - Moradabad Institute Of Technology/Desktop/Manu/Projects/SpendWise[39m

[90mstdout[2m | test/auth.test.tsx[2m > [22m[2mAuthentication[2m > [22m[2mLogin Page[2m > [22m[2mrenders login form correctly
[22m[39mAuth: starting getSession()
Auth: getSession() resolved { data: { session: [1mnull[22m } }

stderr | test/auth.test.tsx > Authentication > Login Page > renders login form correctly
ΓÜá∩╕Å React Router Future Flag Warning: React Router will begin wrapping state updates in `React.startTransition` in v7. You can use the `v7_startTransition` future flag to opt-in early. For more information, see https://reactrouter.com/v6/upgrading/future#v7_starttransition.
ΓÜá∩╕Å React Router Future Flag Warning: Relative route resolution within Splat routes is changing in v7. You can use the `v7_relativeSplatPath` future flag to opt-in early. For more information, see https://reactrouter.com/v6/upgrading/future#v7_relativesplatpath.
Warning: An update to AuthProvider inside a test was not wrapped in act(...).

When testing, code that causes React state updates should be wrapped into act(...):

act(() => {
  /* fire events that update state */
});
/* assert on the output */

This ensures that you're testing the behavior the user would see in the browser. Learn more at https://reactjs.org/link/wrap-tests-with-act
    at AuthProvider (D:/Backup/OneDrive - Moradabad Institute Of Technology/Desktop/Manu/Projects/SpendWise/context/AuthContext.tsx:12:25)
    at Router (D:\Backup\OneDrive - Moradabad Institute Of Technology\Desktop\Manu\Projects\SpendWise\node_modules\react-router\dist\umd\react-router.development.js:1207:17)
    at BrowserRouter (D:\Backup\OneDrive - Moradabad Institute Of Technology\Desktop\Manu\Projects\SpendWise\node_modules\react-router-dom\dist\umd\react-router-dom.development.js:695:7)

[90mstdout[2m | test/auth.test.tsx[2m > [22m[2mAuthentication[2m > [22m[2mLogin Page[2m > [22m[2mhandles email input
[22m[39mAuth: starting getSession()

stderr | test/auth.test.tsx > Authentication > Login Page > handles email input
Warning: An update to AuthProvider inside a test was not wrapped in act(...).

When testing, code that causes React state updates should be wrapped into act(...):

act(() => {
  /* fire events that update state */
});
/* assert on the output */

This ensures that you're testing the behavior the user would see in the browser. Learn more at https://reactjs.org/link/wrap-tests-with-act
    at AuthProvider (D:/Backup/OneDrive - Moradabad Institute Of Technology/Desktop/Manu/Projects/SpendWise/context/AuthContext.tsx:12:25)
    at Router (D:\Backup\OneDrive - Moradabad Institute Of Technology\Desktop\Manu\Projects\SpendWise\node_modules\react-router\dist\umd\react-router.development.js:1207:17)
    at BrowserRouter (D:\Backup\OneDrive - Moradabad Institute Of Technology\Desktop\Manu\Projects\SpendWise\node_modules\react-router-dom\dist\umd\react-router-dom.development.js:695:7)

[90mstdout[2m | test/auth.test.tsx[2m > [22m[2mAuthentication[2m > [22m[2mLogin Page[2m > [22m[2mhandles email input
[22m[39mAuth: getSession() resolved { data: { session: [1mnull[22m } }

[90mstdout[2m | test/auth.test.tsx[2m > [22m[2mAuthentication[2m > [22m[2mSignup Page[2m > [22m[2mrenders signup form correctly
[22m[39mAuth: starting getSession()

stderr | test/auth.test.tsx > Authentication > Signup Page > renders signup form correctly
Warning: An update to AuthProvider inside a test was not wrapped in act(...).

When testing, code that causes React state updates should be wrapped into act(...):

act(() => {
  /* fire events that update state */
});
/* assert on the output */

This ensures that you're testing the behavior the user would see in the browser. Learn more at https://reactjs.org/link/wrap-tests-with-act
    at AuthProvider (D:/Backup/OneDrive - Moradabad Institute Of Technology/Desktop/Manu/Projects/SpendWise/context/AuthContext.tsx:12:25)
    at Router (D:\Backup\OneDrive - Moradabad Institute Of Technology\Desktop\Manu\Projects\SpendWise\node_modules\react-router\dist\umd\react-router.development.js:1207:17)
    at BrowserRouter (D:\Backup\OneDrive - Moradabad Institute Of Technology\Desktop\Manu\Projects\SpendWise\node_modules\react-router-dom\dist\umd\react-router-dom.development.js:695:7)

[90mstdout[2m | test/auth.test.tsx[2m > [22m[2mAuthentication[2m > [22m[2mSignup Page[2m > [22m[2mrenders signup form correctly
[22m[39mAuth: getSession() resolved { data: { session: [1mnull[22m } }

[90mstdout[2m | test/expenses.test.tsx[2m > [22m[2mExpense Management[2m > [22m[2mExpense List[2m > [22m[2mrenders expense list
[22m[39mAuth: starting getSession()
Auth: getSession() resolved { data: { session: [1mnull[22m } }

stderr | test/expenses.test.tsx > Expense Management > Expense List > renders expense list
ΓÜá∩╕Å React Router Future Flag Warning: React Router will begin wrapping state updates in `React.startTransition` in v7. You can use the `v7_startTransition` future flag to opt-in early. For more information, see https://reactrouter.com/v6/upgrading/future#v7_starttransition.
ΓÜá∩╕Å React Router Future Flag Warning: Relative route resolution within Splat routes is changing in v7. You can use the `v7_relativeSplatPath` future flag to opt-in early. For more information, see https://reactrouter.com/v6/upgrading/future#v7_relativesplatpath.
Warning: An update to AuthProvider inside a test was not wrapped in act(...).

When testing, code that causes React state updates should be wrapped into act(...):

act(() => {
  /* fire events that update state */
});
/* assert on the output */

This ensures that you're testing the behavior the user would see in the browser. Learn more at https://reactjs.org/link/wrap-tests-with-act
    at AuthProvider (D:/Backup/OneDrive - Moradabad Institute Of Technology/Desktop/Manu/Projects/SpendWise/context/AuthContext.tsx:12:25)
    at Router (D:\Backup\OneDrive - Moradabad Institute Of Technology\Desktop\Manu\Projects\SpendWise\node_modules\react-router\dist\umd\react-router.development.js:1207:17)
    at BrowserRouter (D:\Backup\OneDrive - Moradabad Institute Of Technology\Desktop\Manu\Projects\SpendWise\node_modules\react-router-dom\dist\umd\react-router-dom.development.js:695:7)

 [31mΓ¥»[39m test/auth.test.tsx [2m([22m[2m3 tests[22m[2m | [22m[31m3 failed[39m[2m)[22m[32m 145[2mms[22m[39m
[31m       [31m├ù[31m renders login form correctly[39m[32m 88[2mms[22m[39m
[31m       [31m├ù[31m handles email input[39m[32m 29[2mms[22m[39m
[31m       [31m├ù[31m renders signup form correctly[39m[32m 25[2mms[22m[39m
[90mstdout[2m | test/settings.test.tsx[2m > [22m[2mSettings[2m > [22m[2mrenders settings form
[22m[39mAuth: starting getSession()
Auth: getSession() resolved { data: { session: [1mnull[22m } }

stderr | test/settings.test.tsx > Settings > renders settings form
ΓÜá∩╕Å React Router Future Flag Warning: React Router will begin wrapping state updates in `React.startTransition` in v7. You can use the `v7_startTransition` future flag to opt-in early. For more information, see https://reactrouter.com/v6/upgrading/future#v7_starttransition.
ΓÜá∩╕Å React Router Future Flag Warning: Relative route resolution within Splat routes is changing in v7. You can use the `v7_relativeSplatPath` future flag to opt-in early. For more information, see https://reactrouter.com/v6/upgrading/future#v7_relativesplatpath.
Warning: An update to AuthProvider inside a test was not wrapped in act(...).

When testing, code that causes React state updates should be wrapped into act(...):

act(() => {
  /* fire events that update state */
});
/* assert on the output */

This ensures that you're testing the behavior the user would see in the browser. Learn more at https://reactjs.org/link/wrap-tests-with-act
    at AuthProvider (D:/Backup/OneDrive - Moradabad Institute Of Technology/Desktop/Manu/Projects/SpendWise/context/AuthContext.tsx:12:25)
    at Router (D:\Backup\OneDrive - Moradabad Institute Of Technology\Desktop\Manu\Projects\SpendWise\node_modules\react-router\dist\umd\react-router.development.js:1207:17)
    at BrowserRouter (D:\Backup\OneDrive - Moradabad Institute Of Technology\Desktop\Manu\Projects\SpendWise\node_modules\react-router-dom\dist\umd\react-router-dom.development.js:695:7)

[90mstdout[2m | test/expenses.test.tsx[2m > [22m[2mExpense Management[2m > [22m[2mAdd Expense[2m > [22m[2mrenders add expense form
[22m[39mAuth: starting getSession()

[90mstdout[2m | test/expenses.test.tsx[2m > [22m[2mExpense Management[2m > [22m[2mAdd Expense[2m > [22m[2mrenders add expense form
[22m[39mAuth: getSession() resolved { data: { session: [1mnull[22m } }

 [31mΓ¥»[39m test/settings.test.tsx [2m([22m[2m1 test[22m[2m | [22m[31m1 failed[39m[2m)[22m[32m 125[2mms[22m[39m
[31m     [31m├ù[31m renders settings form[39m[32m 123[2mms[22m[39m
[90mstdout[2m | test/expenses.test.tsx[2m > [22m[2mExpense Management[2m > [22m[2mAdd Expense[2m > [22m[2mhandles AI receipt extraction
[22m[39mAuth: starting getSession()
stderr | test/expenses.test.tsx > Expense Management > Add Expense > handles AI receipt extraction
Warning: An update to AuthProvider inside a test was not wrapped in act(...).

When testing, code that causes React state updates should be wrapped into act(...):

act(() => {
  /* fire events that update state */
});
/* assert on the output */

This ensures that you're testing the behavior the user would see in the browser. Learn more at https://reactjs.org/link/wrap-tests-with-act
    at AuthProvider (D:/Backup/OneDrive - Moradabad Institute Of Technology/Desktop/Manu/Projects/SpendWise/context/AuthContext.tsx:12:25)
    at Router (D:\Backup\OneDrive - Moradabad Institute Of Technology\Desktop\Manu\Projects\SpendWise\node_modules\react-router\dist\umd\react-router.development.js:1207:17)
    at BrowserRouter (D:\Backup\OneDrive - Moradabad Institute Of Technology\Desktop\Manu\Projects\SpendWise\node_modules\react-router-dom\dist\umd\react-router-dom.development.js:695:7)


[90mstdout[2m | test/expenses.test.tsx[2m > [22m[2mExpense Management[2m > [22m[2mAdd Expense[2m > [22m[2mhandles AI receipt extraction
[22m[39mAuth: getSession() resolved { data: { session: [1mnull[22m } }

 [31mΓ¥»[39m test/expenses.test.tsx [2m([22m[2m3 tests[22m[2m | [22m[31m3 failed[39m[2m)[22m[32m 157[2mms[22m[39m
[31m       [31m├ù[31m renders expense list[39m[32m 80[2mms[22m[39m
[31m       [31m├ù[31m renders add expense form[39m[32m 48[2mms[22m[39m
[31m       [31m├ù[31m handles AI receipt extraction[39m[32m 27[2mms[22m[39m
Error: useTheme must be used within a ThemeProvider
    at useTheme (D:/Backup/OneDrive - Moradabad Institute Of Technology/Desktop/Manu/Projects/SpendWise/context/ThemeContext.tsx:41:23)
    at Dashboard (D:/Backup/OneDrive - Moradabad Institute Of Technology/Desktop/Manu/Projects/SpendWise/pages/Dashboard.tsx:15:21)
    at renderWithHooks (D:\Backup\OneDrive - Moradabad Institute Of Technology\Desktop\Manu\Projects\SpendWise\node_modules\react-dom\cjs\react-dom.development.js:15486:18)
    at mountIndeterminateComponent (D:\Backup\OneDrive - Moradabad Institute Of Technology\Desktop\Manu\Projects\SpendWise\node_modules\react-dom\cjs\react-dom.development.js:20103:13)
    at beginWork (D:\Backup\OneDrive - Moradabad Institute Of Technology\Desktop\Manu\Projects\SpendWise\node_modules\react-dom\cjs\react-dom.development.js:21626:16)
    at HTMLUnknownElement.callCallback (D:\Backup\OneDrive - Moradabad Institute Of Technology\Desktop\Manu\Projects\SpendWise\node_modules\react-dom\cjs\react-dom.development.js:4164:14)
    at HTMLUnknownElement.callTheUserObjectsOperation (D:\Backup\OneDrive - Moradabad Institute Of Technology\Desktop\Manu\Projects\SpendWise\node_modules\jsdom\lib\jsdom\living\generated\EventListener.js:26:30)
    at innerInvokeEventListeners (D:\Backup\OneDrive - Moradabad Institute Of Technology\Desktop\Manu\Projects\SpendWise\node_modules\jsdom\lib\jsdom\living\events\EventTarget-impl.js:360:16)
    at invokeEventListeners (D:\Backup\OneDrive - Moradabad Institute Of Technology\Desktop\Manu\Projects\SpendWise\node_modules\jsdom\lib\jsdom\living\events\EventTarget-impl.js:296:3)
    at HTMLUnknownElementImpl._dispatch (D:\Backup\OneDrive - Moradabad Institute Of Technology\Desktop\Manu\Projects\SpendWise\node_modules\jsdom\lib\jsdom\living\events\EventTarget-impl.js:243:9)
Error: useTheme must be used within a ThemeProvider
    at useTheme (D:/Backup/OneDrive - Moradabad Institute Of Technology/Desktop/Manu/Projects/SpendWise/context/ThemeContext.tsx:41:23)
    at Dashboard (D:/Backup/OneDrive - Moradabad Institute Of Technology/Desktop/Manu/Projects/SpendWise/pages/Dashboard.tsx:15:21)
    at renderWithHooks (D:\Backup\OneDrive - Moradabad Institute Of Technology\Desktop\Manu\Projects\SpendWise\node_modules\react-dom\cjs\react-dom.development.js:15486:18)
    at mountIndeterminateComponent (D:\Backup\OneDrive - Moradabad Institute Of Technology\Desktop\Manu\Projects\SpendWise\node_modules\react-dom\cjs\react-dom.development.js:20103:13)
    at beginWork (D:\Backup\OneDrive - Moradabad Institute Of Technology\Desktop\Manu\Projects\SpendWise\node_modules\react-dom\cjs\react-dom.development.js:21626:16)
    at HTMLUnknownElement.callCallback (D:\Backup\OneDrive - Moradabad Institute Of Technology\Desktop\Manu\Projects\SpendWise\node_modules\react-dom\cjs\react-dom.development.js:4164:14)
    at HTMLUnknownElement.callTheUserObjectsOperation (D:\Backup\OneDrive - Moradabad Institute Of Technology\Desktop\Manu\Projects\SpendWise\node_modules\jsdom\lib\jsdom\living\generated\EventListener.js:26:30)
    at innerInvokeEventListeners (D:\Backup\OneDrive - Moradabad Institute Of Technology\Desktop\Manu\Projects\SpendWise\node_modules\jsdom\lib\jsdom\living\events\EventTarget-impl.js:360:16)
    at invokeEventListeners (D:\Backup\OneDrive - Moradabad Institute Of Technology\Desktop\Manu\Projects\SpendWise\node_modules\jsdom\lib\jsdom\living\events\EventTarget-impl.js:296:3)
    at HTMLUnknownElementImpl._dispatch (D:\Backup\OneDrive - Moradabad Institute Of Technology\Desktop\Manu\Projects\SpendWise\node_modules\jsdom\lib\jsdom\living\events\EventTarget-impl.js:243:9)
stderr | test/dashboard.test.tsx > Dashboard > renders dashboard components
The above error occurred in the <Dashboard> component:

    at Dashboard (D:/Backup/OneDrive - Moradabad Institute Of Technology/Desktop/Manu/Projects/SpendWise/pages/Dashboard.tsx:19:77)
    at AppProvider (D:/Backup/OneDrive - Moradabad Institute Of Technology/Desktop/Manu/Projects/SpendWise/context/AppContext.tsx:14:24)
    at AuthProvider (D:/Backup/OneDrive - Moradabad Institute Of Technology/Desktop/Manu/Projects/SpendWise/context/AuthContext.tsx:12:25)
    at Router (D:\Backup\OneDrive - Moradabad Institute Of Technology\Desktop\Manu\Projects\SpendWise\node_modules\react-router\dist\umd\react-router.development.js:1207:17)
    at BrowserRouter (D:\Backup\OneDrive - Moradabad Institute Of Technology\Desktop\Manu\Projects\SpendWise\node_modules\react-router-dom\dist\umd\react-router-dom.development.js:695:7)

Consider adding an error boundary to your tree to customize error handling behavior.
Visit https://reactjs.org/link/error-boundaries to learn more about error boundaries.

 [31mΓ¥»[39m test/dashboard.test.tsx [2m([22m[2m1 test[22m[2m | [22m[31m1 failed[39m[2m)[22m[32m 24[2mms[22m[39m
[31m     [31m├ù[31m renders dashboard components[39m[32m 23[2mms[22m[39m

ΓÄ»ΓÄ»ΓÄ»ΓÄ»ΓÄ»ΓÄ»ΓÄ» Failed Tests 8 ΓÄ»ΓÄ»ΓÄ»ΓÄ»ΓÄ»ΓÄ»ΓÄ»

 FAIL  test/auth.test.tsx > Authentication > Login Page > renders login form correctly
TestingLibraryElementError: Found a label with the text of: /email/i, however no form control was found associated to that label. Make sure you're using the "for" attribute or "aria-labelledby" attribute correctly.

Ignored nodes: comments, script, style
<body>
  <div>
    <div
      class="min-h-screen flex items-center justify-center p-4 bg-bg text-text-DEFAULT dark:bg-bg-dark dark:text-text-dark transition-colors duration-200 font-sans"
    >
      <div
        class="w-full max-w-sm space-y-8 animate-fade-in"
      >
        <div
          class="text-center space-y-2"
        >
          <div
            class="w-10 h-10 bg-primary rounded-md mx-auto flex items-center justify-center text-white font-bold text-lg mb-4 shadow-sm"
          >
            S
          </div>
          <h2
            class="text-2xl font-bold tracking-tight"
          >
            Welcome back
          </h2>
          <p
            class="text-sm text-text-muted"
          >
            Enter your credentials to access your workspace
          </p>
        </div>
        <form
          class="space-y-5"
        >
          <div
            class="space-y-1.5"
          >
            <label
              class="block text-xs font-semibold uppercase tracking-wider text-text-muted dark:text-zinc-500"
            >
              Email
            </label>
            <div
              class="relative group"
            >
              <div
                class="absolute left-3 top-1/2 -translate-y-1/2 text-text-muted group-focus-within:text-primary transition-colors"
              >
                <svg
                  aria-hidden="true"
                  class="lucide lucide-mail"
                  fill="none"
                  height="16"
                  stroke="currentColor"
                  stroke-linecap="round"
                  stroke-linejoin="round"
                  stroke-width="2"
                  viewBox="0 0 24 24"
                  width="16"
                  xmlns="http://www.w3.org/2000/svg"
                >
                  <path
                    d="m22 7-8.991 5.727a2 2 0 0 1-2.009 0L2 7"
                  />
                  <rect
                    height="16"
                    rx="2"
                    width="20"
                    x="2"
                    y="4"
                  />
                </svg>
              </div>
              <input
                class="
            w-full rounded-md border bg-transparent text-text-DEFAULT dark:text-text-dark
            pl-10 py-2
            focus:outline-none focus:ring-1 focus:ring-primary focus:border-primary
            disabled:opacity-50 disabled:cursor-not-allowed
            placeholder:text-text-muted/60 dark:placeholder:text-zinc-600
            transition-all duration-200 shadow-sm
            border-border dark:border-border-dark group-hover:border-zinc-400 dark:group-hover:border-zinc-600
            
          "
                placeholder="name@example.com"
                required=""
                type="email"
                value=""
              />
            </div>
          </div>
          <div
            class="space-y-1"
          >
            <div
              class="space-y-1.5"
            >
              <label
                class="block text-xs font-semibold uppercase tracking-wider text-text-muted dark:text-zinc-500"
              >
                Password
              </label>
              <div
                class="relative group"
              >
                <div
                  class="absolute left-3 top-1/2 -translate-y-1/2 text-text-muted group-focus-within:text-primary transition-colors"
                >
                  <svg
                    aria-hidden="true"
                    class="lucide lucide-lock"
                    fill="none"
                    height="16"
                    stroke="currentColor"
                    stroke-linecap="round"
                    stroke-linejoin="round"
                    stroke-width="2"
                    viewBox="0 0 24 24"
                    width="16"
                    xmlns="http://www.w3.org/2000/svg"
                  >
                    <rect
                      height="11"
                      rx="2"
                      ry="2"
                      width="18"
                      x="3"
                      y="11"
                    />
                    <path
                      d="M7 11V7a5 5 0 0 1 10 0v4"
                    />
                  </svg>
                </div>
                <input
                  class="
            w-full rounded-md border bg-transparent text-text-DEFAULT dark:text-text-dark
            pl-10 py-2
            focus:outline-none focus:ring-1 focus:ring-primary focus:border-primary
            disabled:opacity-50 disabled:cursor-not-allowed
            placeholder:text-text-muted/60 dark:placeholder:text-zinc-600
            transition-all duration-200 shadow-sm
            border-border dark:border-border-dark group-hover:border-zinc-400 dark:group-hover:border-zinc-600
            
          "
                  placeholder="ΓÇóΓÇóΓÇóΓÇóΓÇóΓÇóΓÇóΓÇó"
                  required=""
                  type="password"
                  value=""
                />
              </div>
            </div>
            <div
              class="flex justify-end"
            >
              <button
                class="text-xs text-text-muted hover:text-primary transition-colors"
                type="button"
              >
                Forgot password?
              </button>
            </div>
          </div>
          <button
            class="inline-flex items-center justify-center rounded-md font-medium transition-all duration-200 focus-visible:outline-none focus-visible:ring-2 focus-visible:ring-offset-1 disabled:opacity-50 disabled:pointer-events-none active:scale-[0.98] bg-[#2383e2] text-white hover:bg-[#1a6ebd] shadow-sm dark:bg-[#2383e2] dark:hover:bg-[#318ef0] h-11 px-6 text-base w-full"
            disabled=""
            type="submit"
          >
            <svg
              class="animate-spin -ml-1 mr-2 h-4 w-4 text-current"
              fill="none"
              viewBox="0 0 24 24"
              xmlns="http://www.w3.org/2000/svg"
            >
              <circle
                class="opacity-25"
                cx="12"
                cy="12"
                r="10"
                stroke="currentColor"
                stroke-width="4"
              />
              <path
                class="opacity-75"
                d="M4 12a8 8 0 018-8V0C5.373 0 0 5.373 0 12h4zm2 5.291A7.962 7.962 0 014 12H0c0 3.042 1.135 5.824 3 7.938l3-2.647z"
                fill="currentColor"
              />
            </svg>
            Sign in with Email
          </button>
        </form>
        <div
          class="relative"
        >
          <div
            class="absolute inset-0 flex items-center"
          >
            <div
              class="w-full border-t border-border dark:border-border-dark"
            />
          </div>
          <div
            class="relative flex justify-center text-xs uppercase tracking-wide"
          >
            <span
              class="px-2 bg-bg dark:bg-bg-dark text-text-muted"
            >
              Or continue with
            </span>
          </div>
        </div>
        <button
          class="inline-flex items-center justify-center rounded-md font-medium transition-all duration-200 focus-visible:outline-none focus-visible:ring-2 focus-visible:ring-offset-1 disabled:opacity-50 disabled:pointer-events-none active:scale-[0.98] border border-border text-text-DEFAULT hover:bg-bg-subtle dark:border-border-dark dark:text-text-dark dark:hover:bg-bg-subtle-dark h-9 px-3 text-sm w-full relative bg-white dark:bg-transparent text-black dark:text-white"
          disabled=""
        >
          <svg
            class="animate-spin -ml-1 mr-2 h-4 w-4 text-current"
            fill="none"
            viewBox="0 0 24 24"
            xmlns="http://www.w3.org/2000/svg"
          >
            <circle
              class="opacity-25"
              cx="12"
              cy="12"
              r="10"
              stroke="currentColor"
              stroke-width="4"
            />
            <path
              class="opacity-75"
              d="M4 12a8 8 0 018-8V0C5.373 0 0 5.373 0 12h4zm2 5.291A7.962 7.962 0 014 12H0c0 3.042 1.135 5.824 3 7.938l3-2.647z"
              fill="currentColor"
            />
          </svg>
          <div
            class="absolute left-4 top-1/2 -translate-y-1/2 flex items-center"
          >
            <svg
              class="h-4 w-4"
              viewBox="0 0 24 24"
            >
              <path
                d="M22.56 12.25c0-.78-.07-1.53-.2-2.25H12v4.26h5.92c-.26 1.37-1.04 2.53-2.21 3.31v2.77h3.57c2.08-1.92 3.28-4.74 3.28-8.09z"
                fill="#4285F4"
              />
              <path
                d="M12 23c2.97 0 5.46-.98 7.28-2.66l-3.57-2.77c-.98.66-2.23 1.06-3.71 1.06-2.86 0-5.29-1.93-6.16-4.53H2.18v2.84C3.99 20.53 7.7 23 12 23z"
                fill="#34A853"
              />
              <path
                d="M5.84 14.09c-.22-.66-.35-1.36-.35-2.09s.13-1.43.35-2.09V7.07H2.18C1.43 8.55 1 10.22 1 12s.43 3.45 1.18 4.93l2.85-2.22.81-.62z"
                fill="#FBBC05"
              />
              <path
                d="M12 5.38c1.62 0 3.06.56 4.21 1.64l3.15-3.15C17.45 2.09 14.97 1 12 1 7.7 1 3.99 3.47 2.18 7.07l3.66 2.84c.87-2.6 3.3-4.53 6.16-4.53z"
                fill="#EA4335"
              />
            </svg>
          </div>
          <span
            class="ml-4"
          >
            Google
          </span>
        </button>
        <p
          class="text-center text-sm text-text-muted"
        >
          Don't have an account?
           
          <a
            class="font-medium text-text-DEFAULT dark:text-text-dark hover:underline underline-offset-4 decoration-primary/50"
            href="/signup"
          >
            Sign up
          </a>
        </p>
      </div>
    </div>
  </div>
</body>
 Γ¥» Object.getElementError node_modules/@testing-library/dom/dist/config.js:37:19
 Γ¥» getAllByLabelText node_modules/@testing-library/dom/dist/queries/label-text.js:108:40
 Γ¥» node_modules/@testing-library/dom/dist/query-helpers.js:52:17
 Γ¥» node_modules/@testing-library/dom/dist/query-helpers.js:95:19
 Γ¥» test/auth.test.tsx:46:21
     44|       );
     45|       
     46|       expect(screen.getByLabelText(/email/i)).toBeInTheDocument();
       |                     ^
     47|       expect(screen.getByLabelText(/password/i)).toBeInTheDocument();
     48|       expect(screen.getByRole('button', { name: /sign in with email/i ΓÇª

ΓÄ»ΓÄ»ΓÄ»ΓÄ»ΓÄ»ΓÄ»ΓÄ»ΓÄ»ΓÄ»ΓÄ»ΓÄ»ΓÄ»ΓÄ»ΓÄ»ΓÄ»ΓÄ»ΓÄ»ΓÄ»ΓÄ»ΓÄ»ΓÄ»ΓÄ»ΓÄ»ΓÄ»[1/8]ΓÄ»

 FAIL  test/auth.test.tsx > Authentication > Login Page > handles email input
TestingLibraryElementError: Found a label with the text of: /email/i, however no form control was found associated to that label. Make sure you're using the "for" attribute or "aria-labelledby" attribute correctly.

Ignored nodes: comments, script, style
<body>
  <div>
    <div
      class="min-h-screen flex items-center justify-center p-4 bg-bg text-text-DEFAULT dark:bg-bg-dark dark:text-text-dark transition-colors duration-200 font-sans"
    >
      <div
        class="w-full max-w-sm space-y-8 animate-fade-in"
      >
        <div
          class="text-center space-y-2"
        >
          <div
            class="w-10 h-10 bg-primary rounded-md mx-auto flex items-center justify-center text-white font-bold text-lg mb-4 shadow-sm"
          >
            S
          </div>
          <h2
            class="text-2xl font-bold tracking-tight"
          >
            Welcome back
          </h2>
          <p
            class="text-sm text-text-muted"
          >
            Enter your credentials to access your workspace
          </p>
        </div>
        <form
          class="space-y-5"
        >
          <div
            class="space-y-1.5"
          >
            <label
              class="block text-xs font-semibold uppercase tracking-wider text-text-muted dark:text-zinc-500"
            >
              Email
            </label>
            <div
              class="relative group"
            >
              <div
                class="absolute left-3 top-1/2 -translate-y-1/2 text-text-muted group-focus-within:text-primary transition-colors"
              >
                <svg
                  aria-hidden="true"
                  class="lucide lucide-mail"
                  fill="none"
                  height="16"
                  stroke="currentColor"
                  stroke-linecap="round"
                  stroke-linejoin="round"
                  stroke-width="2"
                  viewBox="0 0 24 24"
                  width="16"
                  xmlns="http://www.w3.org/2000/svg"
                >
                  <path
                    d="m22 7-8.991 5.727a2 2 0 0 1-2.009 0L2 7"
                  />
                  <rect
                    height="16"
                    rx="2"
                    width="20"
                    x="2"
                    y="4"
                  />
                </svg>
              </div>
              <input
                class="
            w-full rounded-md border bg-transparent text-text-DEFAULT dark:text-text-dark
            pl-10 py-2
            focus:outline-none focus:ring-1 focus:ring-primary focus:border-primary
            disabled:opacity-50 disabled:cursor-not-allowed
            placeholder:text-text-muted/60 dark:placeholder:text-zinc-600
            transition-all duration-200 shadow-sm
            border-border dark:border-border-dark group-hover:border-zinc-400 dark:group-hover:border-zinc-600
            
          "
                placeholder="name@example.com"
                required=""
                type="email"
                value=""
              />
            </div>
          </div>
          <div
            class="space-y-1"
          >
            <div
              class="space-y-1.5"
            >
              <label
                class="block text-xs font-semibold uppercase tracking-wider text-text-muted dark:text-zinc-500"
              >
                Password
              </label>
              <div
                class="relative group"
              >
                <div
                  class="absolute left-3 top-1/2 -translate-y-1/2 text-text-muted group-focus-within:text-primary transition-colors"
                >
                  <svg
                    aria-hidden="true"
                    class="lucide lucide-lock"
                    fill="none"
                    height="16"
                    stroke="currentColor"
                    stroke-linecap="round"
                    stroke-linejoin="round"
                    stroke-width="2"
                    viewBox="0 0 24 24"
                    width="16"
                    xmlns="http://www.w3.org/2000/svg"
                  >
                    <rect
                      height="11"
                      rx="2"
                      ry="2"
                      width="18"
                      x="3"
                      y="11"
                    />
                    <path
                      d="M7 11V7a5 5 0 0 1 10 0v4"
                    />
                  </svg>
                </div>
                <input
                  class="
            w-full rounded-md border bg-transparent text-text-DEFAULT dark:text-text-dark
            pl-10 py-2
            focus:outline-none focus:ring-1 focus:ring-primary focus:border-primary
            disabled:opacity-50 disabled:cursor-not-allowed
            placeholder:text-text-muted/60 dark:placeholder:text-zinc-600
            transition-all duration-200 shadow-sm
            border-border dark:border-border-dark group-hover:border-zinc-400 dark:group-hover:border-zinc-600
            
          "
                  placeholder="ΓÇóΓÇóΓÇóΓÇóΓÇóΓÇóΓÇóΓÇó"
                  required=""
                  type="password"
                  value=""
                />
              </div>
            </div>
            <div
              class="flex justify-end"
            >
              <button
                class="text-xs text-text-muted hover:text-primary transition-colors"
                type="button"
              >
                Forgot password?
              </button>
            </div>
          </div>
          <button
            class="inline-flex items-center justify-center rounded-md font-medium transition-all duration-200 focus-visible:outline-none focus-visible:ring-2 focus-visible:ring-offset-1 disabled:opacity-50 disabled:pointer-events-none active:scale-[0.98] bg-[#2383e2] text-white hover:bg-[#1a6ebd] shadow-sm dark:bg-[#2383e2] dark:hover:bg-[#318ef0] h-11 px-6 text-base w-full"
            disabled=""
            type="submit"
          >
            <svg
              class="animate-spin -ml-1 mr-2 h-4 w-4 text-current"
              fill="none"
              viewBox="0 0 24 24"
              xmlns="http://www.w3.org/2000/svg"
            >
              <circle
                class="opacity-25"
                cx="12"
                cy="12"
                r="10"
                stroke="currentColor"
                stroke-width="4"
              />
              <path
                class="opacity-75"
                d="M4 12a8 8 0 018-8V0C5.373 0 0 5.373 0 12h4zm2 5.291A7.962 7.962 0 014 12H0c0 3.042 1.135 5.824 3 7.938l3-2.647z"
                fill="currentColor"
              />
            </svg>
            Sign in with Email
          </button>
        </form>
        <div
          class="relative"
        >
          <div
            class="absolute inset-0 flex items-center"
          >
            <div
              class="w-full border-t border-border dark:border-border-dark"
            />
          </div>
          <div
            class="relative flex justify-center text-xs uppercase tracking-wide"
          >
            <span
              class="px-2 bg-bg dark:bg-bg-dark text-text-muted"
            >
              Or continue with
            </span>
          </div>
        </div>
        <button
          class="inline-flex items-center justify-center rounded-md font-medium transition-all duration-200 focus-visible:outline-none focus-visible:ring-2 focus-visible:ring-offset-1 disabled:opacity-50 disabled:pointer-events-none active:scale-[0.98] border border-border text-text-DEFAULT hover:bg-bg-subtle dark:border-border-dark dark:text-text-dark dark:hover:bg-bg-subtle-dark h-9 px-3 text-sm w-full relative bg-white dark:bg-transparent text-black dark:text-white"
          disabled=""
        >
          <svg
            class="animate-spin -ml-1 mr-2 h-4 w-4 text-current"
            fill="none"
            viewBox="0 0 24 24"
            xmlns="http://www.w3.org/2000/svg"
          >
            <circle
              class="opacity-25"
              cx="12"
              cy="12"
              r="10"
              stroke="currentColor"
              stroke-width="4"
            />
            <path
              class="opacity-75"
              d="M4 12a8 8 0 018-8V0C5.373 0 0 5.373 0 12h4zm2 5.291A7.962 7.962 0 014 12H0c0 3.042 1.135 5.824 3 7.938l3-2.647z"
              fill="currentColor"
            />
          </svg>
          <div
            class="absolute left-4 top-1/2 -translate-y-1/2 flex items-center"
          >
            <svg
              class="h-4 w-4"
              viewBox="0 0 24 24"
            >
              <path
                d="M22.56 12.25c0-.78-.07-1.53-.2-2.25H12v4.26h5.92c-.26 1.37-1.04 2.53-2.21 3.31v2.77h3.57c2.08-1.92 3.28-4.74 3.28-8.09z"
                fill="#4285F4"
              />
              <path
                d="M12 23c2.97 0 5.46-.98 7.28-2.66l-3.57-2.77c-.98.66-2.23 1.06-3.71 1.06-2.86 0-5.29-1.93-6.16-4.53H2.18v2.84C3.99 20.53 7.7 23 12 23z"
                fill="#34A853"
              />
              <path
                d="M5.84 14.09c-.22-.66-.35-1.36-.35-2.09s.13-1.43.35-2.09V7.07H2.18C1.43 8.55 1 10.22 1 12s.43 3.45 1.18 4.93l2.85-2.22.81-.62z"
                fill="#FBBC05"
              />
              <path
                d="M12 5.38c1.62 0 3.06.56 4.21 1.64l3.15-3.15C17.45 2.09 14.97 1 12 1 7.7 1 3.99 3.47 2.18 7.07l3.66 2.84c.87-2.6 3.3-4.53 6.16-4.53z"
                fill="#EA4335"
              />
            </svg>
          </div>
          <span
            class="ml-4"
          >
            Google
          </span>
        </button>
        <p
          class="text-center text-sm text-text-muted"
        >
          Don't have an account?
           
          <a
            class="font-medium text-text-DEFAULT dark:text-text-dark hover:underline underline-offset-4 decoration-primary/50"
            href="/signup"
          >
            Sign up
          </a>
        </p>
      </div>
    </div>
  </div>
</body>
 Γ¥» Object.getElementError node_modules/@testing-library/dom/dist/config.js:37:19
 Γ¥» getAllByLabelText node_modules/@testing-library/dom/dist/queries/label-text.js:108:40
 Γ¥» node_modules/@testing-library/dom/dist/query-helpers.js:52:17
 Γ¥» node_modules/@testing-library/dom/dist/query-helpers.js:95:19
 Γ¥» test/auth.test.tsx:61:33
     59|       );
     60|       
     61|       const emailInput = screen.getByLabelText(/email/i);
       |                                 ^
     62|       fireEvent.change(emailInput, { target: { value: 'test@example.coΓÇª
     63|       expect(emailInput).toHaveValue('test@example.com');

ΓÄ»ΓÄ»ΓÄ»ΓÄ»ΓÄ»ΓÄ»ΓÄ»ΓÄ»ΓÄ»ΓÄ»ΓÄ»ΓÄ»ΓÄ»ΓÄ»ΓÄ»ΓÄ»ΓÄ»ΓÄ»ΓÄ»ΓÄ»ΓÄ»ΓÄ»ΓÄ»ΓÄ»[2/8]ΓÄ»

 FAIL  test/auth.test.tsx > Authentication > Signup Page > renders signup form correctly
TestingLibraryElementError: Found a label with the text of: /full name/i, however no form control was found associated to that label. Make sure you're using the "for" attribute or "aria-labelledby" attribute correctly.

Ignored nodes: comments, script, style
<body>
  <div>
    <div
      class="min-h-screen flex items-center justify-center p-4 bg-bg text-text-DEFAULT dark:bg-bg-dark dark:text-text-dark transition-colors duration-200 font-sans"
    >
      <div
        class="w-full max-w-sm space-y-8 animate-fade-in"
      >
        <div
          class="text-center space-y-2"
        >
          <div
            class="w-10 h-10 bg-primary rounded-md mx-auto flex items-center justify-center text-white font-bold text-lg mb-4 shadow-sm"
          >
            S
          </div>
          <h2
            class="text-2xl font-bold tracking-tight"
          >
            Create Account
          </h2>
          <p
            class="text-sm text-text-muted"
          >
            Start tracking your expenses today
          </p>
        </div>
        <form
          class="space-y-5"
        >
          <div
            class="space-y-1.5"
          >
            <label
              class="block text-xs font-semibold uppercase tracking-wider text-text-muted dark:text-zinc-500"
            >
              Full Name
            </label>
            <div
              class="relative group"
            >
              <div
                class="absolute left-3 top-1/2 -translate-y-1/2 text-text-muted group-focus-within:text-primary transition-colors"
              >
                <svg
                  aria-hidden="true"
                  class="lucide lucide-user"
                  fill="none"
                  height="16"
                  stroke="currentColor"
                  stroke-linecap="round"
                  stroke-linejoin="round"
                  stroke-width="2"
                  viewBox="0 0 24 24"
                  width="16"
                  xmlns="http://www.w3.org/2000/svg"
                >
                  <path
                    d="M19 21v-2a4 4 0 0 0-4-4H9a4 4 0 0 0-4 4v2"
                  />
                  <circle
                    cx="12"
                    cy="7"
                    r="4"
                  />
                </svg>
              </div>
              <input
                class="
            w-full rounded-md border bg-transparent text-text-DEFAULT dark:text-text-dark
            pl-10 py-2
            focus:outline-none focus:ring-1 focus:ring-primary focus:border-primary
            disabled:opacity-50 disabled:cursor-not-allowed
            placeholder:text-text-muted/60 dark:placeholder:text-zinc-600
            transition-all duration-200 shadow-sm
            border-border dark:border-border-dark group-hover:border-zinc-400 dark:group-hover:border-zinc-600
            
          "
                placeholder="John Doe"
                required=""
                type="text"
                value=""
              />
            </div>
          </div>
          <div
            class="space-y-1.5"
          >
            <label
              class="block text-xs font-semibold uppercase tracking-wider text-text-muted dark:text-zinc-500"
            >
              Email
            </label>
            <div
              class="relative group"
            >
              <div
                class="absolute left-3 top-1/2 -translate-y-1/2 text-text-muted group-focus-within:text-primary transition-colors"
              >
                <svg
                  aria-hidden="true"
                  class="lucide lucide-mail"
                  fill="none"
                  height="16"
                  stroke="currentColor"
                  stroke-linecap="round"
                  stroke-linejoin="round"
                  stroke-width="2"
                  viewBox="0 0 24 24"
                  width="16"
                  xmlns="http://www.w3.org/2000/svg"
                >
                  <path
                    d="m22 7-8.991 5.727a2 2 0 0 1-2.009 0L2 7"
                  />
                  <rect
                    height="16"
                    rx="2"
                    width="20"
                    x="2"
                    y="4"
                  />
                </svg>
              </div>
              <input
                class="
            w-full rounded-md border bg-transparent text-text-DEFAULT dark:text-text-dark
            pl-10 py-2
            focus:outline-none focus:ring-1 focus:ring-primary focus:border-primary
            disabled:opacity-50 disabled:cursor-not-allowed
            placeholder:text-text-muted/60 dark:placeholder:text-zinc-600
            transition-all duration-200 shadow-sm
            border-border dark:border-border-dark group-hover:border-zinc-400 dark:group-hover:border-zinc-600
            
          "
                placeholder="name@example.com"
                required=""
                type="email"
                value=""
              />
            </div>
          </div>
          <div
            class="space-y-1.5"
          >
            <label
              class="block text-xs font-semibold uppercase tracking-wider text-text-muted dark:text-zinc-500"
            >
              Password
            </label>
            <div
...
 Γ¥» Object.getElementError node_modules/@testing-library/dom/dist/config.js:37:19
 Γ¥» getAllByLabelText node_modules/@testing-library/dom/dist/queries/label-text.js:108:40
 Γ¥» node_modules/@testing-library/dom/dist/query-helpers.js:52:17
 Γ¥» node_modules/@testing-library/dom/dist/query-helpers.js:95:19
 Γ¥» test/auth.test.tsx:77:21
     75|       );
     76|       
     77|       expect(screen.getByLabelText(/full name/i)).toBeInTheDocument();
       |                     ^
     78|       expect(screen.getByLabelText(/email/i)).toBeInTheDocument();
     79|       expect(screen.getByLabelText(/password/i)).toBeInTheDocument();

ΓÄ»ΓÄ»ΓÄ»ΓÄ»ΓÄ»ΓÄ»ΓÄ»ΓÄ»ΓÄ»ΓÄ»ΓÄ»ΓÄ»ΓÄ»ΓÄ»ΓÄ»ΓÄ»ΓÄ»ΓÄ»ΓÄ»ΓÄ»ΓÄ»ΓÄ»ΓÄ»ΓÄ»[3/8]ΓÄ»

 FAIL  test/dashboard.test.tsx > Dashboard > renders dashboard components
Error: useTheme must be used within a ThemeProvider
 Γ¥» useTheme context/ThemeContext.tsx:41:23
     39| export const useTheme = () => {
     40|   const context = useContext(ThemeContext);
     41|   if (!context) throw new Error('useTheme must be used within a ThemePΓÇª
       |                       ^
     42|   return context;
     43| };
 Γ¥» Dashboard pages/Dashboard.tsx:15:21
 Γ¥» renderWithHooks node_modules/react-dom/cjs/react-dom.development.js:15486:18
 Γ¥» mountIndeterminateComponent node_modules/react-dom/cjs/react-dom.development.js:20103:13
 Γ¥» beginWork node_modules/react-dom/cjs/react-dom.development.js:21626:16
 Γ¥» beginWork$1 node_modules/react-dom/cjs/react-dom.development.js:27465:14
 Γ¥» performUnitOfWork node_modules/react-dom/cjs/react-dom.development.js:26599:12
 Γ¥» workLoopSync node_modules/react-dom/cjs/react-dom.development.js:26505:5
 Γ¥» renderRootSync node_modules/react-dom/cjs/react-dom.development.js:26473:7
 Γ¥» recoverFromConcurrentError node_modules/react-dom/cjs/react-dom.development.js:25889:20

ΓÄ»ΓÄ»ΓÄ»ΓÄ»ΓÄ»ΓÄ»ΓÄ»ΓÄ»ΓÄ»ΓÄ»ΓÄ»ΓÄ»ΓÄ»ΓÄ»ΓÄ»ΓÄ»ΓÄ»ΓÄ»ΓÄ»ΓÄ»ΓÄ»ΓÄ»ΓÄ»ΓÄ»[4/8]ΓÄ»

 FAIL  test/expenses.test.tsx > Expense Management > Expense List > renders expense list
TestingLibraryElementError: Unable to find an element with the text: /expense history/i. This could be because the text is broken up by multiple elements. In this case, you can provide a function for your text matcher to make your matcher more flexible.

Ignored nodes: comments, script, style
<body>
  <div>
    <div
      class="space-y-8 animate-fade-in h-full flex flex-col"
    >
      <header
        class="flex flex-col md:flex-row md:items-center justify-between gap-4 border-b border-border dark:border-border-dark pb-6"
      >
        <div>
          <h2
            class="text-3xl font-bold text-text-DEFAULT dark:text-text-dark tracking-tight"
          >
            Expenses
          </h2>
          <p
            class="text-text-muted mt-1"
          >
            History of all transactions
          </p>
        </div>
        <div
          class="flex gap-2"
        >
          <div
            class="relative flex-1 md:w-64 group"
          >
            <svg
              aria-hidden="true"
              class="lucide lucide-search absolute left-3 top-1/2 -translate-y-1/2 text-text-muted group-focus-within:text-primary transition-colors"
              fill="none"
              height="16"
              stroke="currentColor"
              stroke-linecap="round"
              stroke-linejoin="round"
              stroke-width="2"
              viewBox="0 0 24 24"
              width="16"
              xmlns="http://www.w3.org/2000/svg"
            >
              <path
                d="m21 21-4.34-4.34"
              />
              <circle
                cx="11"
                cy="11"
                r="8"
              />
            </svg>
            <input
              class="w-full pl-9 pr-4 py-2 rounded-md border border-border dark:border-border-dark bg-transparent text-text-DEFAULT dark:text-text-dark focus:ring-1 focus:ring-primary focus:border-primary focus:outline-none placeholder:text-text-muted/60 transition-all text-sm"
              placeholder="Search merchant..."
              type="text"
              value=""
            />
          </div>
          <button
            class="inline-flex items-center justify-center rounded-md font-medium transition-all duration-200 focus-visible:outline-none focus-visible:ring-2 focus-visible:ring-offset-1 disabled:opacity-50 disabled:pointer-events-none active:scale-[0.98] border border-border text-text-DEFAULT hover:bg-bg-subtle dark:border-border-dark dark:text-text-dark dark:hover:bg-bg-subtle-dark h-9 w-9 p-1.5 "
            title="Export CSV"
          >
            <svg
              aria-hidden="true"
              class="lucide lucide-download"
              fill="none"
              height="16"
              stroke="currentColor"
              stroke-linecap="round"
              stroke-linejoin="round"
              stroke-width="2"
              viewBox="0 0 24 24"
              width="16"
              xmlns="http://www.w3.org/2000/svg"
            >
              <path
                d="M12 15V3"
              />
              <path
                d="M21 15v4a2 2 0 0 1-2 2H5a2 2 0 0 1-2-2v-4"
              />
              <path
                d="m7 10 5 5 5-5"
              />
            </svg>
          </button>
        </div>
      </header>
      <div
        class="flex gap-2 overflow-x-auto pb-1 no-scrollbar"
      >
        <button
          class="px-3 py-1 rounded-md text-xs font-medium whitespace-nowrap transition-colors border bg-transparent text-text-muted border-border dark:border-border-dark hover:bg-bg-subtle dark:hover:bg-bg-subtle-dark hover:text-text-DEFAULT"
        >
          All Time
        </button>
        <button
          class="px-3 py-1 rounded-md text-xs font-medium whitespace-nowrap transition-colors border bg-transparent text-text-muted border-border dark:border-border-dark hover:bg-bg-subtle dark:hover:bg-bg-subtle-dark hover:text-text-DEFAULT"
        >
          This Month
        </button>
        <button
          class="px-3 py-1 rounded-md text-xs font-medium whitespace-nowrap transition-colors border bg-transparent text-text-muted border-border dark:border-border-dark hover:bg-bg-subtle dark:hover:bg-bg-subtle-dark hover:text-text-DEFAULT"
        >
          Last Month
        </button>
      </div>
      <div
        class="flex-1 space-y-1"
      >
        <div
          class="text-center py-20 border border-dashed border-border dark:border-border-dark rounded-lg"
        >
          <svg
            aria-hidden="true"
            class="lucide lucide-funnel text-text-muted mx-auto mb-3"
            fill="none"
            height="24"
            stroke="currentColor"
            stroke-linecap="round"
            stroke-linejoin="round"
            stroke-width="2"
            viewBox="0 0 24 24"
            width="24"
            xmlns="http://www.w3.org/2000/svg"
          >
            <path
              d="M10 20a1 1 0 0 0 .553.895l2 1A1 1 0 0 0 14 21v-7a2 2 0 0 1 .517-1.341L21.74 4.67A1 1 0 0 0 21 3H3a1 1 0 0 0-.742 1.67l7.225 7.989A2 2 0 0 1 10 14z"
            />
          </svg>
          <h3
            class="text-sm font-medium text-text-DEFAULT dark:text-text-dark"
          >
            No results
          </h3>
          <p
            class="text-xs text-text-muted mt-1"
          >
            Try adjusting your filters.
          </p>
        </div>
      </div>
    </div>
  </div>
</body>
 Γ¥» Object.getElementError node_modules/@testing-library/dom/dist/config.js:37:19
 Γ¥» node_modules/@testing-library/dom/dist/query-helpers.js:76:38
 Γ¥» node_modules/@testing-library/dom/dist/query-helpers.js:52:17
 Γ¥» node_modules/@testing-library/dom/dist/query-helpers.js:95:19
 Γ¥» test/expenses.test.tsx:62:21
     60|       );
     61|       
     62|       expect(screen.getByText(/expense history/i)).toBeInTheDocument();
       |                     ^
     63|     });
     64|   });

ΓÄ»ΓÄ»ΓÄ»ΓÄ»ΓÄ»ΓÄ»ΓÄ»ΓÄ»ΓÄ»ΓÄ»ΓÄ»ΓÄ»ΓÄ»ΓÄ»ΓÄ»ΓÄ»ΓÄ»ΓÄ»ΓÄ»ΓÄ»ΓÄ»ΓÄ»ΓÄ»ΓÄ»[5/8]ΓÄ»

 FAIL  test/expenses.test.tsx > Expense Management > Add Expense > renders add expense form
TestingLibraryElementError: Found a label with the text of: /merchant name/i, however no form control was found associated to that label. Make sure you're using the "for" attribute or "aria-labelledby" attribute correctly.

Ignored nodes: comments, script, style
<body>
  <div>
    <div
      class="max-w-xl mx-auto space-y-6 animate-fade-in pb-12"
    >
      <div
        class="flex items-center gap-4 mb-4 md:mb-8"
      >
        <button
          class="inline-flex items-center justify-center rounded-md font-medium transition-all duration-200 focus-visible:outline-none focus-visible:ring-2 focus-visible:ring-offset-1 disabled:opacity-50 disabled:pointer-events-none active:scale-[0.98] hover:bg-bg-subtle text-text-muted hover:text-text-DEFAULT dark:hover:bg-bg-subtle-dark dark:text-text-dark h-9 w-9 p-1.5 "
        >
          <svg
            aria-hidden="true"
            class="lucide lucide-arrow-left"
            fill="none"
            height="20"
            stroke="currentColor"
            stroke-linecap="round"
            stroke-linejoin="round"
            stroke-width="2"
            viewBox="0 0 24 24"
            width="20"
            xmlns="http://www.w3.org/2000/svg"
          >
            <path
              d="m12 19-7-7 7-7"
            />
            <path
              d="M19 12H5"
            />
          </svg>
        </button>
        <h2
          class="text-2xl font-bold text-text-DEFAULT dark:text-text-dark"
        >
          New Entry
        </h2>
      </div>
      <div
        class="bg-bg-subtle dark:bg-bg-subtle-dark md:border border-border dark:border-border-dark p-4 md:p-8 rounded-lg transition-colors shadow-sm"
      >
        <form
          class="space-y-6 md:space-y-8"
        >
          <div
            class="space-y-2"
          >
            <label
              class="block text-xs font-semibold uppercase tracking-wider text-text-muted"
            >
              Receipt
            </label>
            <div
              class="border border-dashed border-border dark:border-border-dark bg-bg dark:bg-bg-dark rounded-md p-6 flex flex-col items-center justify-center cursor-pointer hover:bg-[#e0e0e0] dark:hover:bg-[#2a2a2a] transition-colors group"
            >
              <div
                class="bg-bg-subtle dark:bg-bg-subtle-dark p-3 rounded-full mb-3 group-hover:scale-110 transition-transform"
              >
                <svg
                  aria-hidden="true"
                  class="lucide lucide-camera text-text-muted"
                  fill="none"
                  height="20"
                  stroke="currentColor"
                  stroke-linecap="round"
                  stroke-linejoin="round"
                  stroke-width="2"
                  viewBox="0 0 24 24"
                  width="20"
                  xmlns="http://www.w3.org/2000/svg"
                >
                  <path
                    d="M13.997 4a2 2 0 0 1 1.76 1.05l.486.9A2 2 0 0 0 18.003 7H20a2 2 0 0 1 2 2v9a2 2 0 0 1-2 2H4a2 2 0 0 1-2-2V9a2 2 0 0 1 2-2h1.997a2 2 0 0 0 1.759-1.048l.489-.904A2 2 0 0 1 10.004 4z"
                  />
                  <circle
                    cx="12"
                    cy="13"
                    r="3"
                  />
                </svg>
              </div>
              <p
                class="text-sm text-text-muted font-medium"
              >
                Scan or Upload Receipt
              </p>
            </div>
            <input
              accept="image/*"
              class="hidden"
              type="file"
            />
          </div>
          <div
            class="grid grid-cols-1 sm:grid-cols-2 gap-6"
          >
            <div
              class="space-y-1.5"
            >
              <label
                class="block text-xs font-semibold uppercase tracking-wider text-text-muted"
              >
                Amount
              </label>
              <div
                class="relative"
              >
                <span
                  class="absolute left-0 top-1/2 -translate-y-1/2 text-text-muted font-light text-lg"
                >
                  Γé╣
                </span>
                <input
                  class="w-full pl-6 py-2 bg-transparent border-b border-border dark:border-border-dark text-2xl font-light text-text-DEFAULT dark:text-text-dark focus:outline-none focus:border-primary rounded-none transition-colors placeholder:text-text-muted/30"
                  name="amount"
                  placeholder="0.00"
                  required=""
                  step="0.01"
                  type="number"
                  value=""
                />
              </div>
            </div>
            <div
              class="space-y-1.5"
            >
              <label
                class="block text-xs font-semibold uppercase tracking-wider text-text-muted dark:text-zinc-500"
              >
                Date
              </label>
              <div
                class="relative group"
              >
                <input
                  class="
            w-full rounded-md border bg-transparent text-text-DEFAULT dark:text-text-dark
            px-3 py-2
            focus:outline-none focus:ring-1 focus:ring-primary focus:border-primary
            disabled:opacity-...
 Γ¥» Object.getElementError node_modules/@testing-library/dom/dist/config.js:37:19
 Γ¥» getAllByLabelText node_modules/@testing-library/dom/dist/queries/label-text.js:108:40
 Γ¥» node_modules/@testing-library/dom/dist/query-helpers.js:52:17
 Γ¥» node_modules/@testing-library/dom/dist/query-helpers.js:95:19
 Γ¥» test/expenses.test.tsx:79:21
     77|       
     78|       expect(await screen.findByPlaceholderText(/0.00/i)).toBeInTheDocΓÇª
     79|       expect(screen.getByLabelText(/merchant name/i)).toBeInTheDocumenΓÇª
       |                     ^
     80|     });
     81| 

ΓÄ»ΓÄ»ΓÄ»ΓÄ»ΓÄ»ΓÄ»ΓÄ»ΓÄ»ΓÄ»ΓÄ»ΓÄ»ΓÄ»ΓÄ»ΓÄ»ΓÄ»ΓÄ»ΓÄ»ΓÄ»ΓÄ»ΓÄ»ΓÄ»ΓÄ»ΓÄ»ΓÄ»[6/8]ΓÄ»

 FAIL  test/expenses.test.tsx > Expense Management > Add Expense > handles AI receipt extraction
TestingLibraryElementError: Unable to find a label with the text of: /upload receipt/i

Ignored nodes: comments, script, style
<body>
  <div>
    <div
      class="max-w-xl mx-auto space-y-6 animate-fade-in pb-12"
    >
      <div
        class="flex items-center gap-4 mb-4 md:mb-8"
      >
        <button
          class="inline-flex items-center justify-center rounded-md font-medium transition-all duration-200 focus-visible:outline-none focus-visible:ring-2 focus-visible:ring-offset-1 disabled:opacity-50 disabled:pointer-events-none active:scale-[0.98] hover:bg-bg-subtle text-text-muted hover:text-text-DEFAULT dark:hover:bg-bg-subtle-dark dark:text-text-dark h-9 w-9 p-1.5 "
        >
          <svg
            aria-hidden="true"
            class="lucide lucide-arrow-left"
            fill="none"
            height="20"
            stroke="currentColor"
            stroke-linecap="round"
            stroke-linejoin="round"
            stroke-width="2"
            viewBox="0 0 24 24"
            width="20"
            xmlns="http://www.w3.org/2000/svg"
          >
            <path
              d="m12 19-7-7 7-7"
            />
            <path
              d="M19 12H5"
            />
          </svg>
        </button>
        <h2
          class="text-2xl font-bold text-text-DEFAULT dark:text-text-dark"
        >
          New Entry
        </h2>
      </div>
      <div
        class="bg-bg-subtle dark:bg-bg-subtle-dark md:border border-border dark:border-border-dark p-4 md:p-8 rounded-lg transition-colors shadow-sm"
      >
        <form
          class="space-y-6 md:space-y-8"
        >
          <div
            class="space-y-2"
          >
            <label
              class="block text-xs font-semibold uppercase tracking-wider text-text-muted"
            >
              Receipt
            </label>
            <div
              class="border border-dashed border-border dark:border-border-dark bg-bg dark:bg-bg-dark rounded-md p-6 flex flex-col items-center justify-center cursor-pointer hover:bg-[#e0e0e0] dark:hover:bg-[#2a2a2a] transition-colors group"
            >
              <div
                class="bg-bg-subtle dark:bg-bg-subtle-dark p-3 rounded-full mb-3 group-hover:scale-110 transition-transform"
              >
                <svg
                  aria-hidden="true"
                  class="lucide lucide-camera text-text-muted"
                  fill="none"
                  height="20"
                  stroke="currentColor"
                  stroke-linecap="round"
                  stroke-linejoin="round"
                  stroke-width="2"
                  viewBox="0 0 24 24"
                  width="20"
                  xmlns="http://www.w3.org/2000/svg"
                >
                  <path
                    d="M13.997 4a2 2 0 0 1 1.76 1.05l.486.9A2 2 0 0 0 18.003 7H20a2 2 0 0 1 2 2v9a2 2 0 0 1-2 2H4a2 2 0 0 1-2-2V9a2 2 0 0 1 2-2h1.997a2 2 0 0 0 1.759-1.048l.489-.904A2 2 0 0 1 10.004 4z"
                  />
                  <circle
                    cx="12"
                    cy="13"
                    r="3"
                  />
                </svg>
              </div>
              <p
                class="text-sm text-text-muted font-medium"
              >
                Scan or Upload Receipt
              </p>
            </div>
            <input
              accept="image/*"
              class="hidden"
              type="file"
            />
          </div>
          <div
            class="grid grid-cols-1 sm:grid-cols-2 gap-6"
          >
            <div
              class="space-y-1.5"
            >
              <label
                class="block text-xs font-semibold uppercase tracking-wider text-text-muted"
              >
                Amount
              </label>
              <div
                class="relative"
              >
                <span
                  class="absolute left-0 top-1/2 -translate-y-1/2 text-text-muted font-light text-lg"
                >
                  Γé╣
                </span>
                <input
                  class="w-full pl-6 py-2 bg-transparent border-b border-border dark:border-border-dark text-2xl font-light text-text-DEFAULT dark:text-text-dark focus:outline-none focus:border-primary rounded-none transition-colors placeholder:text-text-muted/30"
                  name="amount"
                  placeholder="0.00"
                  required=""
                  step="0.01"
                  type="number"
                  value=""
                />
              </div>
            </div>
            <div
              class="space-y-1.5"
            >
              <label
                class="block text-xs font-semibold uppercase tracking-wider text-text-muted dark:text-zinc-500"
              >
                Date
              </label>
              <div
                class="relative group"
              >
                <input
                  class="
            w-full rounded-md border bg-transparent text-text-DEFAULT dark:text-text-dark
            px-3 py-2
            focus:outline-none focus:ring-1 focus:ring-primary focus:border-primary
            disabled:opacity-...
 Γ¥» Object.getElementError node_modules/@testing-library/dom/dist/config.js:37:19
 Γ¥» getAllByLabelText node_modules/@testing-library/dom/dist/queries/label-text.js:111:38
 Γ¥» node_modules/@testing-library/dom/dist/query-helpers.js:52:17
 Γ¥» node_modules/@testing-library/dom/dist/query-helpers.js:95:19
 Γ¥» test/expenses.test.tsx:105:28
    103|       // Simulate file upload
    104|       const file = new File(['(ΓîÉΓûí_Γûí)'], 'receipt.png', { type: 'image/ΓÇª
    105|       const input = screen.getByLabelText(/upload receipt/i); // AdjusΓÇª
       |                            ^
    106|       
    107|       // If label text isn't found, try finding by input type file dirΓÇª

ΓÄ»ΓÄ»ΓÄ»ΓÄ»ΓÄ»ΓÄ»ΓÄ»ΓÄ»ΓÄ»ΓÄ»ΓÄ»ΓÄ»ΓÄ»ΓÄ»ΓÄ»ΓÄ»ΓÄ»ΓÄ»ΓÄ»ΓÄ»ΓÄ»ΓÄ»ΓÄ»ΓÄ»[7/8]ΓÄ»

 FAIL  test/settings.test.tsx > Settings > renders settings form
TestingLibraryElementError: Found multiple elements with the text: /profile/i

Here are the matching elements:

Ignored nodes: comments, script, style
<h3
  class="text-lg font-semibold text-text-DEFAULT dark:text-text-dark"
>
  Profile
</h3>

Ignored nodes: comments, script, style
<h4
  class="font-medium text-text-DEFAULT dark:text-text-dark"
>
  Profile Picture
</h4>

(If this is intentional, then use the `*AllBy*` variant of the query (like `queryAllByText`, `getAllByText`, or `findAllByText`)).

Ignored nodes: comments, script, style
<body>
  <div>
    <div
      class="max-w-2xl mx-auto space-y-12 animate-fade-in pb-12"
    >
      <header
        class="border-b border-border dark:border-border-dark pb-6"
      >
        <h2
          class="text-3xl font-bold text-text-DEFAULT dark:text-text-dark tracking-tight"
        >
          Settings
        </h2>
        <p
          class="text-text-muted mt-1"
        >
          Manage your preferences and data
        </p>
      </header>
      <section
        class="space-y-6"
      >
        <div
          class="flex items-center gap-3"
        >
          <svg
            aria-hidden="true"
            class="lucide lucide-user text-text-DEFAULT dark:text-text-dark"
            fill="none"
            height="20"
            stroke="currentColor"
            stroke-linecap="round"
            stroke-linejoin="round"
            stroke-width="2"
            viewBox="0 0 24 24"
            width="20"
            xmlns="http://www.w3.org/2000/svg"
          >
            <path
              d="M19 21v-2a4 4 0 0 0-4-4H9a4 4 0 0 0-4 4v2"
            />
            <circle
              cx="12"
              cy="7"
              r="4"
            />
          </svg>
          <h3
            class="text-lg font-semibold text-text-DEFAULT dark:text-text-dark"
          >
            Profile
          </h3>
        </div>
        <form
          class="bg-bg-subtle dark:bg-bg-subtle-dark p-6 rounded-lg border border-border dark:border-border-dark space-y-6"
        >
          <div
            class="flex items-center gap-6"
          >
            <div
              class="relative group shrink-0"
            >
              <div
                class="w-20 h-20 rounded-full overflow-hidden border-2 border-border dark:border-border-dark bg-bg dark:bg-bg-dark"
              >
                <div
                  class="w-full h-full flex items-center justify-center text-text-muted bg-bg dark:bg-bg-dark"
                >
                  <svg
                    aria-hidden="true"
                    class="lucide lucide-user"
                    fill="none"
                    height="32"
                    stroke="currentColor"
                    stroke-linecap="round"
                    stroke-linejoin="round"
                    stroke-width="2"
                    viewBox="0 0 24 24"
                    width="32"
                    xmlns="http://www.w3.org/2000/svg"
                  >
                    <path
                      d="M19 21v-2a4 4 0 0 0-4-4H9a4 4 0 0 0-4 4v2"
                    />
                    <circle
                      cx="12"
                      cy="7"
                      r="4"
                    />
                  </svg>
                </div>
              </div>
              <button
                class="absolute inset-0 bg-black/40 flex items-center justify-center opacity-0 group-hover:opacity-100 transition-opacity rounded-full text-white"
                type="button"
              >
                <svg
                  aria-hidden="true"
                  class="lucide lucide-upload"
                  fill="none"
                  height="20"
                  stroke="currentColor"
                  stroke-linecap="round"
                  stroke-linejoin="round"
                  stroke-width="2"
                  viewBox="0 0 24 24"
                  width="20"
                  xmlns="http://www.w3.org/2000/svg"
                >
                  <path
                    d="M12 3v12"
                  />
                  <path
                    d="m17 8-5-5-5 5"
                  />
                  <path
                    d="M21 15v4a2 2 0 0 1-2 2H5a2 2 0 0 1-2-2v-4"
                  />
                </svg>
              </button>
              <input
                accept="image/*"
                class="hidden"
                type="file"
              />
            </div>
            <div>
              <h4
                class="font-medium text-text-DEFAULT dark:text-text-dark"
              >
                Profile Picture
              </h4>
              <p
                class="text-xs text-text-muted mt-1"
              >
                Click image to upload new photo.
              </p>
            </div>
          </div>
          <div
            class="grid grid-cols-1 md:grid-cols-2 gap-6"
          >
            <div
              class="space-y-1.5"
            >
              <label
                class="block text-xs font-semibold uppercase tracking-wider text-text-muted dark:text-zinc-500"
              >
                Display Name
              </label>
              <div
                class="relative group"
              >
                <input
                  class="
   ...
 Γ¥» Object.getElementError node_modules/@testing-library/dom/dist/config.js:37:19
 Γ¥» getElementError node_modules/@testing-library/dom/dist/query-helpers.js:20:35
 Γ¥» getMultipleElementsFoundError node_modules/@testing-library/dom/dist/query-helpers.js:23:10
 Γ¥» node_modules/@testing-library/dom/dist/query-helpers.js:55:13
 Γ¥» node_modules/@testing-library/dom/dist/query-helpers.js:95:19
 Γ¥» test/settings.test.tsx:37:19
     35|     
     36|     expect(screen.getByText(/settings/i)).toBeInTheDocument();
     37|     expect(screen.getByText(/profile/i)).toBeInTheDocument();
       |                   ^
     38|   });
     39| });

ΓÄ»ΓÄ»ΓÄ»ΓÄ»ΓÄ»ΓÄ»ΓÄ»ΓÄ»ΓÄ»ΓÄ»ΓÄ»ΓÄ»ΓÄ»ΓÄ»ΓÄ»ΓÄ»ΓÄ»ΓÄ»ΓÄ»ΓÄ»ΓÄ»ΓÄ»ΓÄ»ΓÄ»[8/8]ΓÄ»


[2m Test Files [22m [1m[31m4 failed[39m[22m[90m (4)[39m
[2m      Tests [22m [1m[31m8 failed[39m[22m[90m (8)[39m
[2m   Start at [22m 11:55:25
[2m   Duration [22m 2.42s[2m (transform 601ms, setup 1.31s, import 2.24s, tests 451ms, environment 3.85s)[22m

